[2026-08-01 20:35:27] $ git --version  (cwd=E:\AI_Research\dlt8\src)
git version 2.52.0.windows.1
[2026-08-01 20:35:27] -> exit code 0
[2026-08-01 20:35:27] $ git clone --depth 1 https://github.com/Liang-yc/ECUSTFD-resized-.git E:\AI_Research\dlt8\data\raw\_tmp_ECUSTFD_clone  (cwd=E:\AI_Research\dlt8\src)
Cloning into 'E:\AI_Research\dlt8\data\raw\_tmp_ECUSTFD_clone'...
Updating files:  25% (1527/5962)
Updating files:  26% (1551/5962)
Updating files:  27% (1610/5962)
Updating files:  28% (1670/5962)
Updating files:  29% (1729/5962)
Updating files:  30% (1789/5962)
Updating files:  31% (1849/5962)
Updating files:  32% (1908/5962)
Updating files:  33% (1968/5962)
Updating files:  34% (2028/5962)
Updating files:  35% (2087/5962)
Updating files:  36% (2147/5962)
Updating files:  37% (2206/5962)
Updating files:  38% (2266/5962)
Updating files:  39% (2326/5962)
Updating files:  40% (2385/5962)
Updating files:  41% (2445/5962)
Updating files:  42% (2505/5962)
Updating files:  43% (2564/5962)
Updating files:  44% (2624/5962)
Updating files:  45% (2683/5962)
Updating files:  46% (2743/5962)
Updating files:  47% (2803/5962)
Updating files:  48% (2862/5962)
Updating files:  49% (2922/5962)
Updating files:  50% (2981/5962)
Updating files:  51% (3041/5962)
Updating files:  52% (3101/5962)
Updating files:  52% (3122/5962)
Updating files:  53% (3160/5962)
Updating files:  54% (3220/5962)
Updating files:  55% (3280/5962)
Updating files:  56% (3339/5962)
Updating files:  57% (3399/5962)
Updating files:  58% (3458/5962)
Updating files:  59% (3518/5962)
Updating files:  60% (3578/5962)
Updating files:  61% (3637/5962)
Updating files:  62% (3697/5962)
Updating files:  62% (3719/5962)
Updating files:  63% (3757/5962)
Updating files:  64% (3816/5962)
Updating files:  65% (3876/5962)
Updating files:  66% (3935/5962)
Updating files:  67% (3995/5962)
Updating files:  68% (4055/5962)
Updating files:  69% (4114/5962)
Updating files:  70% (4174/5962)
Updating files:  71% (4234/5962)
Updating files:  71% (4283/5962)
Updating files:  72% (4293/5962)
Updating files:  73% (4353/5962)
Updating files:  74% (4412/5962)
Updating files:  75% (4472/5962)
Updating files:  76% (4532/5962)
Updating files:  77% (4591/5962)
Updating files:  78% (4651/5962)
Updating files:  79% (4710/5962)
Updating files:  80% (4770/5962)
Updating files:  81% (4830/5962)
Updating files:  81% (4835/5962)
Updating files:  82% (4889/5962)
Updating files:  83% (4949/5962)
Updating files:  84% (5009/5962)
Updating files:  85% (5068/5962)
Updating files:  86% (5128/5962)
Updating files:  87% (5187/5962)
Updating files:  88% (5247/5962)
Updating files:  89% (5307/5962)
Updating files:  90% (5366/5962)
Updating files:  91% (5426/5962)
Updating files:  91% (5451/5962)
Updating files:  92% (5486/5962)
Updating files:  93% (5545/5962)
Updating files:  94% (5605/5962)
Updating files:  95% (5664/5962)
Updating files:  96% (5724/5962)
Updating files:  97% (5784/5962)
Updating files:  98% (5843/5962)
Updating files:  99% (5903/5962)
Updating files: 100% (5962/5962)
Updating files: 100% (5962/5962), done.
[2026-08-01 20:37:44] -> exit code 0
[2026-08-01 20:40:17] $ git --version  (cwd=E:\AI_Research\dlt8\src)
git version 2.52.0.windows.1
[2026-08-01 20:40:17] -> exit code 0
[2026-08-01 20:40:17] $ git clone --depth 1 https://github.com/Liang-yc/ECUSTFD-resized-.git E:\AI_Research\dlt8\data\raw\_tmp_ECUSTFD_clone  (cwd=E:\AI_Research\dlt8\src)
Cloning into 'E:\AI_Research\dlt8\data\raw\_tmp_ECUSTFD_clone'...
Updating files:  33% (1978/5962)
Updating files:  34% (2028/5962)
Updating files:  35% (2087/5962)
Updating files:  36% (2147/5962)
Updating files:  37% (2206/5962)
Updating files:  38% (2266/5962)
Updating files:  39% (2326/5962)
Updating files:  40% (2385/5962)
Updating files:  41% (2445/5962)
Updating files:  42% (2505/5962)
Updating files:  43% (2564/5962)
Updating files:  44% (2624/5962)
Updating files:  45% (2683/5962)
Updating files:  46% (2743/5962)
Updating files:  47% (2803/5962)
Updating files:  48% (2862/5962)
Updating files:  49% (2922/5962)
Updating files:  50% (2981/5962)
Updating files:  51% (3041/5962)
Updating files:  52% (3101/5962)
Updating files:  53% (3160/5962)
Updating files:  54% (3220/5962)
Updating files:  55% (3280/5962)
Updating files:  55% (3312/5962)
Updating files:  56% (3339/5962)
Updating files:  57% (3399/5962)
Updating files:  58% (3458/5962)
Updating files:  59% (3518/5962)
Updating files:  60% (3578/5962)
Updating files:  61% (3637/5962)
Updating files:  62% (3697/5962)
Updating files:  63% (3757/5962)
Updating files:  64% (3816/5962)
Updating files:  65% (3876/5962)
Updating files:  66% (3935/5962)
Updating files:  67% (3995/5962)
Updating files:  68% (4055/5962)
Updating files:  69% (4114/5962)
Updating files:  69% (4167/5962)
Updating files:  70% (4174/5962)
Updating files:  71% (4234/5962)
Updating files:  72% (4293/5962)
Updating files:  73% (4353/5962)
Updating files:  74% (4412/5962)
Updating files:  75% (4472/5962)
Updating files:  76% (4532/5962)
Updating files:  77% (4591/5962)
Updating files:  78% (4651/5962)
Updating files:  79% (4710/5962)
Updating files:  80% (4770/5962)
Updating files:  81% (4830/5962)
Updating files:  82% (4889/5962)
Updating files:  83% (4949/5962)
Updating files:  83% (4994/5962)
Updating files:  84% (5009/5962)
Updating files:  85% (5068/5962)
Updating files:  86% (5128/5962)
Updating files:  87% (5187/5962)
Updating files:  88% (5247/5962)
Updating files:  89% (5307/5962)
Updating files:  90% (5366/5962)
Updating files:  91% (5426/5962)
Updating files:  92% (5486/5962)
Updating files:  93% (5545/5962)
Updating files:  94% (5605/5962)
Updating files:  95% (5664/5962)
Updating files:  96% (5724/5962)
Updating files:  97% (5784/5962)
Updating files:  98% (5843/5962)
Updating files:  98% (5888/5962)
Updating files:  99% (5903/5962)
Updating files: 100% (5962/5962)
Updating files: 100% (5962/5962), done.
[2026-08-01 20:42:00] -> exit code 0
[2026-08-01 20:42:00] $ git clone --depth 1 https://github.com/Liang-yc/CalorieEstimation.git E:\AI_Research\dlt8\ECUSTFD\_tmp_faster_rcnn_clone  (cwd=E:\AI_Research\dlt8\src)
Cloning into 'E:\AI_Research\dlt8\ECUSTFD\_tmp_faster_rcnn_clone'...
[2026-08-01 20:42:16] -> exit code 0
[2026-08-01 20:43:17] $ git --version  (cwd=E:\AI_Research\dlt8\src)
git version 2.52.0.windows.1
[2026-08-01 20:43:18] -> exit code 0
[2026-08-01 20:44:01] $ git --version  (cwd=E:\AI_Research\dlt8\src)
git version 2.52.0.windows.1
[2026-08-01 20:44:01] -> exit code 0
[2026-08-01 21:35:24] $ git --version  (cwd=e:\AI_Research\dlt8\src)
git version 2.52.0.windows.1
[2026-08-01 21:35:24] -> exit code 0
