{
  "ECUSTFD": {
    "root": "E:\\AI_Research\\dlt8\\data\\raw\\ECUSTFD",
    "total_files": 5991,
    "jpg_jpeg": 2978,
    "xml_annotations": 2978,
    "matlab_m": 0,
    "top_tree": [
      ".git/",
      "Annotations/",
      "ImageSets/",
      "JPEGImages/",
      "README.md",
      "density.xls"
    ],
    "density.xls_sha256": "594bd873c7046321c631084c781734814ecb94808979a619415ff9795cc3ac99"
  },
  "faster_rcnn": {
    "root": "E:\\AI_Research\\dlt8\\ECUSTFD\\faster_rcnn",
    "total_files": 344,
    "jpg_jpeg": 88,
    "xml_annotations": 61,
    "matlab_m": 111,
    "top_tree": [
      ".git/",
      ".gitattributes",
      ".gitignore",
      ".gitmodules",
      "000456.jpg",
      "000542.jpg",
      "001150.jpg",
      "001763.jpg",
      "004545.jpg",
      "1 (1).jpg",
      "1 (11).jpg",
      "1 (2).jpg",
      "1 (3).JPG",
      "1 (4).JPG",
      "1 (5).JPG",
      "CreateDatasets-master/",
      "ECUSTFD_ORIGIN_IMAGE_TEST.m",
      "ECUSTFD_TEST.m",
      "LICENSE",
      "README.md",
      "RGB2Gray.cpp",
      "RGB2Gray.mexw64",
      "bin/",
      "density.xls",
      "experiments/",
      "faster_rcnn_build.m",
      "faster_rcnn_rec.m",
      "fetch_data/",
      "food_info.xls",
      "functions/",
      "grabcut_mex.cpp",
      "grabcut_mex.mexw64",
      "imdb/",
      "load_proposal_detection_model.m",
      "matlab2c.prj",
      "nms_gpu_mex.mexw64",
      "nms_gpu_mex.o",
      "nvmex.m",
      "opencv_mex.m",
      "proposal_prepare_anchors.m",
      "result.xls",
      "script_faster_rcnn_VOC2007_ZF.m",
      "script_faster_rcnn_demo.m",
      "show_calorie.m",
      "show_segmentation_results.m",
      "simple_faster_rcnn_rec.m",
      "startup.m",
      "utils/",
      "xls_results_analysis.m"
    ],
    "density.xls_sha256": "788684de189b640e16ab59a04d597025857c56b3a698d9063252f374b13180ee"
  }
}